node.exe : FAIL src/c
ustomers/customers.re
solver.spec.ts
At C:\Program Files\n
odejs\npx.ps1:29 
char:3
+   & $NODE_EXE 
$NPX_CLI_JS $args
+   ~~~~~~~~~~~~~~~~~
~~~~~~~~~~~~
    + CategoryInfo   
           : NotSpe  
  cified: (FAIL sr   
 c/custom...esolv    
er.spec.ts:Strin    
g) [], RemoteExc    
eption
    + FullyQualified 
   ErrorId : Native  
  CommandError
 
  CustomersResolver
    ├ù should 
construct correct 
where clause for 
search and status 
(10 ms)
    ├ù should handle 
empty filter (2 ms)
    ├ù should 
resolve trainer 
using UsersLoader (2 
ms)
    ├ù should return 
null for trainer if 
trainerId is missing 
(2 ms)

  ΓùÅ 
CustomersResolver 
ΓÇ║ should construct 
correct where clause 
for search and status

    Nest can't 
resolve dependencies 
of the 
CustomersResolver 
(CustomersService, 
?). Please make sure 
that the argument 
UsersLoader at index 
[1] is available in 
the RootTestModule 
context.

    Potential 
solutions:
    - Is 
RootTestModule a 
valid NestJS module?
    - If UsersLoader 
is a provider, is it 
part of the current 
RootTestModule?
    - If UsersLoader 
is exported from a 
separate @Module, is 
that module imported 
within 
RootTestModule?
      @Module({
        imports: [ 
/* the Module 
containing 
UsersLoader */ ]
      })

    For more common 
dependency 
resolution issues, 
see: https://docs.nes
tjs.com/faq/common-er
rors

    [0m [90m 13 
|[39m
     [90m 14 |[39m 
    beforeEach([36ma
sync[39m () 
[33m=>[39m {
    [31m[1m>[22m[
39m[90m 15 |[39m   
      
[36mconst[39m 
module[33m:[39m [3
3mTestingModule[39m 
[33m=[39m 
[36mawait[39m [33m
Test[39m[33m.[39mc
reateTestingModule({
     [90m    |[39m 
                     
                 
[31m[1m^[22m[39m
     [90m 16 |[39m 
            
providers[33m:[39m 
[
     [90m 17 |[39m 
                [33m
CustomersResolver[39
m[33m,[39m
     [90m 18 |[39m 
                { 
provide[33m:[39m [
33mCustomersService[
39m[33m,[39m 
useValue[33m:[39m 
mockCustomersService 
}[33m,[39m[0m

      at TestingInjec
tor.lookupComponentIn
ParentModules (../nod
e_modules/.pnpm/@nest
js+core@11.1.9_@nestj
s_35aa21069415c61cc2f
f03470cea104c/node_mo
dules/@nestjs/core/in
jector/injector.js:28
6:19)
      at TestingInjec
tor.resolveComponentW
rapper (../node_modul
es/.pnpm/@nestjs+test
ing@11.1.9_@nes_5fa0f
54bf7d8c8acec998f5e81
836857/node_modules/@
nestjs/testing/testin
g-injector.js:19:45)
      at 
resolveParam (../node
_modules/.pnpm/@nestj
s+core@11.1.9_@nestjs
_35aa21069415c61cc2ff
03470cea104c/node_mod
ules/@nestjs/core/inj
ector/injector.js:140
:38)
          at async 
Promise.all (index 1)
      at TestingInjec
tor.resolveConstructo
rParams (../node_modu
les/.pnpm/@nestjs+cor
e@11.1.9_@nestjs_35aa
21069415c61cc2ff03470
cea104c/node_modules/
@nestjs/core/injector
/injector.js:169:27)
      at TestingInjec
tor.loadInstance (../
node_modules/.pnpm/@n
estjs+core@11.1.9_@ne
stjs_35aa21069415c61c
c2ff03470cea104c/node
_modules/@nestjs/core
/injector/injector.js
:75:13)
      at TestingInjec
tor.loadProvider (../
node_modules/.pnpm/@n
estjs+core@11.1.9_@ne
stjs_35aa21069415c61c
c2ff03470cea104c/node
_modules/@nestjs/core
/injector/injector.js
:103:9)
      at ../node_modu
les/.pnpm/@nestjs+cor
e@11.1.9_@nestjs_35aa
21069415c61cc2ff03470
cea104c/node_modules/
@nestjs/core/injector
/instance-loader.js:5
6:13
          at async 
Promise.all (index 3)
      at TestingInsta
nceLoader.createInsta
ncesOfProviders (../n
ode_modules/.pnpm/@ne
stjs+core@11.1.9_@nes
tjs_35aa21069415c61cc
2ff03470cea104c/node_
modules/@nestjs/core/
injector/instance-loa
der.js:55:9)
      at ../node_modu
les/.pnpm/@nestjs+cor
e@11.1.9_@nestjs_35aa
21069415c61cc2ff03470
cea104c/node_modules/
@nestjs/core/injector
/instance-loader.js:4
0:13
          at async 
Promise.all (index 1)
      at TestingInsta
nceLoader.createInsta
nces (../node_modules
/.pnpm/@nestjs+core@1
1.1.9_@nestjs_35aa210
69415c61cc2ff03470cea
104c/node_modules/@ne
stjs/core/injector/in
stance-loader.js:39:9
)
      at TestingInsta
nceLoader.createInsta
ncesOfDependencies (.
./node_modules/.pnpm/
@nestjs+core@11.1.9_@
nestjs_35aa21069415c6
1cc2ff03470cea104c/no
de_modules/@nestjs/co
re/injector/instance-
loader.js:22:13)
      at TestingInsta
nceLoader.createInsta
ncesOfDependencies (.
./node_modules/.pnpm/
@nestjs+testing@11.1.
9_@nes_5fa0f54bf7d8c8
acec998f5e81836857/no
de_modules/@nestjs/te
sting/testing-instanc
e-loader.js:9:9)
      at TestingModul
eBuilder.createInstan
cesOfDependencies (..
/node_modules/.pnpm/@
nestjs+testing@11.1.9
_@nes_5fa0f54bf7d8c8a
cec998f5e81836857/nod
e_modules/@nestjs/tes
ting/testing-module.b
uilder.js:118:9)
      at TestingModul
eBuilder.compile (../
node_modules/.pnpm/@n
estjs+testing@11.1.9_
@nes_5fa0f54bf7d8c8ac
ec998f5e81836857/node
_modules/@nestjs/test
ing/testing-module.bu
ilder.js:74:9)
      at 
Object.<anonymous> (c
ustomers/customers.re
solver.spec.ts:15:39)

  ΓùÅ 
CustomersResolver 
ΓÇ║ should handle 
empty filter

    Nest can't 
resolve dependencies 
of the 
CustomersResolver 
(CustomersService, 
?). Please make sure 
that the argument 
UsersLoader at index 
[1] is available in 
the RootTestModule 
context.

    Potential 
solutions:
    - Is 
RootTestModule a 
valid NestJS module?
    - If UsersLoader 
is a provider, is it 
part of the current 
RootTestModule?
    - If UsersLoader 
is exported from a 
separate @Module, is 
that module imported 
within 
RootTestModule?
      @Module({
        imports: [ 
/* the Module 
containing 
UsersLoader */ ]
      })

    For more common 
dependency 
resolution issues, 
see: https://docs.nes
tjs.com/faq/common-er
rors

    [0m [90m 13 
|[39m
     [90m 14 |[39m 
    beforeEach([36ma
sync[39m () 
[33m=>[39m {
    [31m[1m>[22m[
39m[90m 15 |[39m   
      
[36mconst[39m 
module[33m:[39m [3
3mTestingModule[39m 
[33m=[39m 
[36mawait[39m [33m
Test[39m[33m.[39mc
reateTestingModule({
     [90m    |[39m 
                     
                 
[31m[1m^[22m[39m
     [90m 16 |[39m 
            
providers[33m:[39m 
[
     [90m 17 |[39m 
                [33m
CustomersResolver[39
m[33m,[39m
     [90m 18 |[39m 
                { 
provide[33m:[39m [
33mCustomersService[
39m[33m,[39m 
useValue[33m:[39m 
mockCustomersService 
}[33m,[39m[0m

      at TestingInjec
tor.lookupComponentIn
ParentModules (../nod
e_modules/.pnpm/@nest
js+core@11.1.9_@nestj
s_35aa21069415c61cc2f
f03470cea104c/node_mo
dules/@nestjs/core/in
jector/injector.js:28
6:19)
      at TestingInjec
tor.resolveComponentW
rapper (../node_modul
es/.pnpm/@nestjs+test
ing@11.1.9_@nes_5fa0f
54bf7d8c8acec998f5e81
836857/node_modules/@
nestjs/testing/testin
g-injector.js:19:45)
      at 
resolveParam (../node
_modules/.pnpm/@nestj
s+core@11.1.9_@nestjs
_35aa21069415c61cc2ff
03470cea104c/node_mod
ules/@nestjs/core/inj
ector/injector.js:140
:38)
          at async 
Promise.all (index 1)
      at TestingInjec
tor.resolveConstructo
rParams (../node_modu
les/.pnpm/@nestjs+cor
e@11.1.9_@nestjs_35aa
21069415c61cc2ff03470
cea104c/node_modules/
@nestjs/core/injector
/injector.js:169:27)
      at TestingInjec
tor.loadInstance (../
node_modules/.pnpm/@n
estjs+core@11.1.9_@ne
stjs_35aa21069415c61c
c2ff03470cea104c/node
_modules/@nestjs/core
/injector/injector.js
:75:13)
      at TestingInjec
tor.loadProvider (../
node_modules/.pnpm/@n
estjs+core@11.1.9_@ne
stjs_35aa21069415c61c
c2ff03470cea104c/node
_modules/@nestjs/core
/injector/injector.js
:103:9)
      at ../node_modu
les/.pnpm/@nestjs+cor
e@11.1.9_@nestjs_35aa
21069415c61cc2ff03470
cea104c/node_modules/
@nestjs/core/injector
/instance-loader.js:5
6:13
          at async 
Promise.all (index 3)
      at TestingInsta
nceLoader.createInsta
ncesOfProviders (../n
ode_modules/.pnpm/@ne
stjs+core@11.1.9_@nes
tjs_35aa21069415c61cc
2ff03470cea104c/node_
modules/@nestjs/core/
injector/instance-loa
der.js:55:9)
      at ../node_modu
les/.pnpm/@nestjs+cor
e@11.1.9_@nestjs_35aa
21069415c61cc2ff03470
cea104c/node_modules/
@nestjs/core/injector
/instance-loader.js:4
0:13
          at async 
Promise.all (index 1)
      at TestingInsta
nceLoader.createInsta
nces (../node_modules
/.pnpm/@nestjs+core@1
1.1.9_@nestjs_35aa210
69415c61cc2ff03470cea
104c/node_modules/@ne
stjs/core/injector/in
stance-loader.js:39:9
)
      at TestingInsta
nceLoader.createInsta
ncesOfDependencies (.
./node_modules/.pnpm/
@nestjs+core@11.1.9_@
nestjs_35aa21069415c6
1cc2ff03470cea104c/no
de_modules/@nestjs/co
re/injector/instance-
loader.js:22:13)
      at TestingInsta
nceLoader.createInsta
ncesOfDependencies (.
./node_modules/.pnpm/
@nestjs+testing@11.1.
9_@nes_5fa0f54bf7d8c8
acec998f5e81836857/no
de_modules/@nestjs/te
sting/testing-instanc
e-loader.js:9:9)
      at TestingModul
eBuilder.createInstan
cesOfDependencies (..
/node_modules/.pnpm/@
nestjs+testing@11.1.9
_@nes_5fa0f54bf7d8c8a
cec998f5e81836857/nod
e_modules/@nestjs/tes
ting/testing-module.b
uilder.js:118:9)
      at TestingModul
eBuilder.compile (../
node_modules/.pnpm/@n
estjs+testing@11.1.9_
@nes_5fa0f54bf7d8c8ac
ec998f5e81836857/node
_modules/@nestjs/test
ing/testing-module.bu
ilder.js:74:9)
      at 
Object.<anonymous> (c
ustomers/customers.re
solver.spec.ts:15:39)

  ΓùÅ 
CustomersResolver 
ΓÇ║ should resolve 
trainer using 
UsersLoader

    Nest can't 
resolve dependencies 
of the 
CustomersResolver 
(CustomersService, 
?). Please make sure 
that the argument 
UsersLoader at index 
[1] is available in 
the RootTestModule 
context.

    Potential 
solutions:
    - Is 
RootTestModule a 
valid NestJS module?
    - If UsersLoader 
is a provider, is it 
part of the current 
RootTestModule?
    - If UsersLoader 
is exported from a 
separate @Module, is 
that module imported 
within 
RootTestModule?
      @Module({
        imports: [ 
/* the Module 
containing 
UsersLoader */ ]
      })

    For more common 
dependency 
resolution issues, 
see: https://docs.nes
tjs.com/faq/common-er
rors

    [0m [90m 13 
|[39m
     [90m 14 |[39m 
    beforeEach([36ma
sync[39m () 
[33m=>[39m {
    [31m[1m>[22m[
39m[90m 15 |[39m   
      
[36mconst[39m 
module[33m:[39m [3
3mTestingModule[39m 
[33m=[39m 
[36mawait[39m [33m
Test[39m[33m.[39mc
reateTestingModule({
     [90m    |[39m 
                     
                 
[31m[1m^[22m[39m
     [90m 16 |[39m 
            
providers[33m:[39m 
[
     [90m 17 |[39m 
                [33m
CustomersResolver[39
m[33m,[39m
     [90m 18 |[39m 
                { 
provide[33m:[39m [
33mCustomersService[
39m[33m,[39m 
useValue[33m:[39m 
mockCustomersService 
}[33m,[39m[0m

      at TestingInjec
tor.lookupComponentIn
ParentModules (../nod
e_modules/.pnpm/@nest
js+core@11.1.9_@nestj
s_35aa21069415c61cc2f
f03470cea104c/node_mo
dules/@nestjs/core/in
jector/injector.js:28
6:19)
      at TestingInjec
tor.resolveComponentW
rapper (../node_modul
es/.pnpm/@nestjs+test
ing@11.1.9_@nes_5fa0f
54bf7d8c8acec998f5e81
836857/node_modules/@
nestjs/testing/testin
g-injector.js:19:45)
      at 
resolveParam (../node
_modules/.pnpm/@nestj
s+core@11.1.9_@nestjs
_35aa21069415c61cc2ff
03470cea104c/node_mod
ules/@nestjs/core/inj
ector/injector.js:140
:38)
          at async 
Promise.all (index 1)
      at TestingInjec
tor.resolveConstructo
rParams (../node_modu
les/.pnpm/@nestjs+cor
e@11.1.9_@nestjs_35aa
21069415c61cc2ff03470
cea104c/node_modules/
@nestjs/core/injector
/injector.js:169:27)
      at TestingInjec
tor.loadInstance (../
node_modules/.pnpm/@n
estjs+core@11.1.9_@ne
stjs_35aa21069415c61c
c2ff03470cea104c/node
_modules/@nestjs/core
/injector/injector.js
:75:13)
      at TestingInjec
tor.loadProvider (../
node_modules/.pnpm/@n
estjs+core@11.1.9_@ne
stjs_35aa21069415c61c
c2ff03470cea104c/node
_modules/@nestjs/core
/injector/injector.js
:103:9)
      at ../node_modu
les/.pnpm/@nestjs+cor
e@11.1.9_@nestjs_35aa
21069415c61cc2ff03470
cea104c/node_modules/
@nestjs/core/injector
/instance-loader.js:5
6:13
          at async 
Promise.all (index 3)
      at TestingInsta
nceLoader.createInsta
ncesOfProviders (../n
ode_modules/.pnpm/@ne
stjs+core@11.1.9_@nes
tjs_35aa21069415c61cc
2ff03470cea104c/node_
modules/@nestjs/core/
injector/instance-loa
der.js:55:9)
      at ../node_modu
les/.pnpm/@nestjs+cor
e@11.1.9_@nestjs_35aa
21069415c61cc2ff03470
cea104c/node_modules/
@nestjs/core/injector
/instance-loader.js:4
0:13
          at async 
Promise.all (index 1)
      at TestingInsta
nceLoader.createInsta
nces (../node_modules
/.pnpm/@nestjs+core@1
1.1.9_@nestjs_35aa210
69415c61cc2ff03470cea
104c/node_modules/@ne
stjs/core/injector/in
stance-loader.js:39:9
)
      at TestingInsta
nceLoader.createInsta
ncesOfDependencies (.
./node_modules/.pnpm/
@nestjs+core@11.1.9_@
nestjs_35aa21069415c6
1cc2ff03470cea104c/no
de_modules/@nestjs/co
re/injector/instance-
loader.js:22:13)
      at TestingInsta
nceLoader.createInsta
ncesOfDependencies (.
./node_modules/.pnpm/
@nestjs+testing@11.1.
9_@nes_5fa0f54bf7d8c8
acec998f5e81836857/no
de_modules/@nestjs/te
sting/testing-instanc
e-loader.js:9:9)
      at TestingModul
eBuilder.createInstan
cesOfDependencies (..
/node_modules/.pnpm/@
nestjs+testing@11.1.9
_@nes_5fa0f54bf7d8c8a
cec998f5e81836857/nod
e_modules/@nestjs/tes
ting/testing-module.b
uilder.js:118:9)
      at TestingModul
eBuilder.compile (../
node_modules/.pnpm/@n
estjs+testing@11.1.9_
@nes_5fa0f54bf7d8c8ac
ec998f5e81836857/node
_modules/@nestjs/test
ing/testing-module.bu
ilder.js:74:9)
      at 
Object.<anonymous> (c
ustomers/customers.re
solver.spec.ts:15:39)

  ΓùÅ 
CustomersResolver 
ΓÇ║ should return 
null for trainer if 
trainerId is missing

    Nest can't 
resolve dependencies 
of the 
CustomersResolver 
(CustomersService, 
?). Please make sure 
that the argument 
UsersLoader at index 
[1] is available in 
the RootTestModule 
context.

    Potential 
solutions:
    - Is 
RootTestModule a 
valid NestJS module?
    - If UsersLoader 
is a provider, is it 
part of the current 
RootTestModule?
    - If UsersLoader 
is exported from a 
separate @Module, is 
that module imported 
within 
RootTestModule?
      @Module({
        imports: [ 
/* the Module 
containing 
UsersLoader */ ]
      })

    For more common 
dependency 
resolution issues, 
see: https://docs.nes
tjs.com/faq/common-er
rors

    [0m [90m 13 
|[39m
     [90m 14 |[39m 
    beforeEach([36ma
sync[39m () 
[33m=>[39m {
    [31m[1m>[22m[
39m[90m 15 |[39m   
      
[36mconst[39m 
module[33m:[39m [3
3mTestingModule[39m 
[33m=[39m 
[36mawait[39m [33m
Test[39m[33m.[39mc
reateTestingModule({
     [90m    |[39m 
                     
                 
[31m[1m^[22m[39m
     [90m 16 |[39m 
            
providers[33m:[39m 
[
     [90m 17 |[39m 
                [33m
CustomersResolver[39
m[33m,[39m
     [90m 18 |[39m 
                { 
provide[33m:[39m [
33mCustomersService[
39m[33m,[39m 
useValue[33m:[39m 
mockCustomersService 
}[33m,[39m[0m

      at TestingInjec
tor.lookupComponentIn
ParentModules (../nod
e_modules/.pnpm/@nest
js+core@11.1.9_@nestj
s_35aa21069415c61cc2f
f03470cea104c/node_mo
dules/@nestjs/core/in
jector/injector.js:28
6:19)
      at TestingInjec
tor.resolveComponentW
rapper (../node_modul
es/.pnpm/@nestjs+test
ing@11.1.9_@nes_5fa0f
54bf7d8c8acec998f5e81
836857/node_modules/@
nestjs/testing/testin
g-injector.js:19:45)
      at 
resolveParam (../node
_modules/.pnpm/@nestj
s+core@11.1.9_@nestjs
_35aa21069415c61cc2ff
03470cea104c/node_mod
ules/@nestjs/core/inj
ector/injector.js:140
:38)
          at async 
Promise.all (index 1)
      at TestingInjec
tor.resolveConstructo
rParams (../node_modu
les/.pnpm/@nestjs+cor
e@11.1.9_@nestjs_35aa
21069415c61cc2ff03470
cea104c/node_modules/
@nestjs/core/injector
/injector.js:169:27)
      at TestingInjec
tor.loadInstance (../
node_modules/.pnpm/@n
estjs+core@11.1.9_@ne
stjs_35aa21069415c61c
c2ff03470cea104c/node
_modules/@nestjs/core
/injector/injector.js
:75:13)
      at TestingInjec
tor.loadProvider (../
node_modules/.pnpm/@n
estjs+core@11.1.9_@ne
stjs_35aa21069415c61c
c2ff03470cea104c/node
_modules/@nestjs/core
/injector/injector.js
:103:9)
      at ../node_modu
les/.pnpm/@nestjs+cor
e@11.1.9_@nestjs_35aa
21069415c61cc2ff03470
cea104c/node_modules/
@nestjs/core/injector
/instance-loader.js:5
6:13
          at async 
Promise.all (index 3)
      at TestingInsta
nceLoader.createInsta
ncesOfProviders (../n
ode_modules/.pnpm/@ne
stjs+core@11.1.9_@nes
tjs_35aa21069415c61cc
2ff03470cea104c/node_
modules/@nestjs/core/
injector/instance-loa
der.js:55:9)
      at ../node_modu
les/.pnpm/@nestjs+cor
e@11.1.9_@nestjs_35aa
21069415c61cc2ff03470
cea104c/node_modules/
@nestjs/core/injector
/instance-loader.js:4
0:13
          at async 
Promise.all (index 1)
      at TestingInsta
nceLoader.createInsta
nces (../node_modules
/.pnpm/@nestjs+core@1
1.1.9_@nestjs_35aa210
69415c61cc2ff03470cea
104c/node_modules/@ne
stjs/core/injector/in
stance-loader.js:39:9
)
      at TestingInsta
nceLoader.createInsta
ncesOfDependencies (.
./node_modules/.pnpm/
@nestjs+core@11.1.9_@
nestjs_35aa21069415c6
1cc2ff03470cea104c/no
de_modules/@nestjs/co
re/injector/instance-
loader.js:22:13)
      at TestingInsta
nceLoader.createInsta
ncesOfDependencies (.
./node_modules/.pnpm/
@nestjs+testing@11.1.
9_@nes_5fa0f54bf7d8c8
acec998f5e81836857/no
de_modules/@nestjs/te
sting/testing-instanc
e-loader.js:9:9)
      at TestingModul
eBuilder.createInstan
cesOfDependencies (..
/node_modules/.pnpm/@
nestjs+testing@11.1.9
_@nes_5fa0f54bf7d8c8a
cec998f5e81836857/nod
e_modules/@nestjs/tes
ting/testing-module.b
uilder.js:118:9)
      at TestingModul
eBuilder.compile (../
node_modules/.pnpm/@n
estjs+testing@11.1.9_
@nes_5fa0f54bf7d8c8ac
ec998f5e81836857/node
_modules/@nestjs/test
ing/testing-module.bu
ilder.js:74:9)
      at 
Object.<anonymous> (c
ustomers/customers.re
solver.spec.ts:15:39)

Test Suites: 1 
failed, 1 total
Tests:       4 
failed, 4 total
Snapshots:   0 total
Time:        3.876 
s, estimated 4 s
Ran all test suites 
matching src/customer
s/customers.resolver.
spec.ts.
